// Jest Snapshot v1, https://goo.gl/fbAQLP

exports[`Render FavoritesList 1`] = `
<section
  className="favorites"
>
  <h1
    className="favorites__title"
  >
    Saved listing
  </h1>
  <ul
    className="favorites__list"
  >
    <li
      className="favorites__locations-items"
    >
      <div
        className="favorites__locations locations locations--current"
      >
        <div
          className="locations__item"
        >
          <a
            className="locations__item-link"
            href="#"
          >
            <span>
              Amsterdam
            </span>
          </a>
        </div>
      </div>
      <div
        className="favorites__places"
      />
    </li>
  </ul>
</section>
`;
